simplify expressions
7 / 2
5 * x
24
2 * x ^ 2 + x + 3
-y
3 * x
12

calculate derivatives
4 * x + 3
2 * cos(2 x)
2 * x + 1
7
