functions and constants
2.718
0.75
4
2i
[[7, 0], [0, 7]]
2 * x + 1

expressions
7.8
5 inch
0.5
3 + 2i
-7

chained operations
14

mixed use of data types
[9, 10]
15 mm
[-3, -2, -1]
[6, 8]

