14
0.5
"0.6666666666666666"
0.66666666666667
2.6666666666667
3
[[24, 6], [9, 12]]
