create and manipulate complex numbers
2 + 3i
2
3
2 + 3i
5 + 3i
3 - 7i

perform operations
8 - 4i
36 - 26i
-9.6541254768548 + 2.8416922956064i
2
2i

create complex numbers with polar coordinates
1 + i
5 0.9272952180016122


comparision and sorting operations
equal false
values: [5 + 3i, 3 - 7i, 1 + i]
sorted: [1 + i, 3 - 7i, 5 + 3i]
