84
"hello, user!"
52
"hello, user!"
Warning: To use numbers.js, the library must be installed first via `npm install numbers`.
Warning: To use numeric.js, the library must be installed first via `npm install numeric`.
3.14
