{"x": 3, "y": 4}
{"name": "John"}
{"a": 2, "b": {"c": 3, "d": 4}}
42
42
43
43
{"prop": 43}
