creating a 1000x1000 sparse matrix...
doing some operations on the sparse matrix...
size(e)= [ 1000, 1000 ]
already done
now try this with a dense matrix :)
