0.6667254718034714
0.6667254718034714
4.000000000000003
